[     136ms] [INFO] %cDownload the React DevTools for a better development experience: https://react.dev/link/react-devtools font-weight:bold @ http://localhost:3000/_next/static/chunks/node_modules_next_dist_1ybzpk2._.js:2477
[     205ms] [LOG] [HMR] connected @ http://localhost:3000/_next/static/chunks/node_modules_next_dist_1ybzpk2._.js:2477
[     329ms] [LOG] [Fast Refresh] rebuilding @ http://localhost:3000/_next/static/chunks/node_modules_next_dist_1ybzpk2._.js:2477
[     341ms] [LOG] [Fast Refresh] done in 113ms @ http://localhost:3000/_next/static/chunks/node_modules_next_dist_1ybzpk2._.js:2477
[    8348ms] [LOG] [Fast Refresh] rebuilding @ http://localhost:3000/_next/static/chunks/node_modules_next_dist_1ybzpk2._.js:2477
[    8372ms] [LOG] [Fast Refresh] done in 126ms @ http://localhost:3000/_next/static/chunks/node_modules_next_dist_1ybzpk2._.js:2477
[    8426ms] [INFO] %cDownload the React DevTools for a better development experience: https://react.dev/link/react-devtools font-weight:bold @ http://localhost:3000/_next/static/chunks/node_modules_next_dist_1ybzpk2._.js:2477
[    8476ms] [LOG] [HMR] connected @ http://localhost:3000/_next/static/chunks/node_modules_next_dist_1ybzpk2._.js:2477
[   13743ms] [ERROR] Framing 'https://personal-expense-tracker-82c4f.firebaseapp.com/' violates the following Content Security Policy directive: "frame-src 'none'". The request has been blocked.
 @ https://apis.google.com/:0
[   19753ms] [ERROR] Cross-Origin-Opener-Policy policy would block the window.closed call. @ http://localhost:3000/_next/static/chunks/node_modules_%40firebase_auth_dist_esm_1wj-fzw._.js:9191
[   19754ms] [ERROR] Cross-Origin-Opener-Policy policy would block the window.closed call. @ http://localhost:3000/_next/static/chunks/node_modules_%40firebase_auth_dist_esm_1wj-fzw._.js:9191
[   61806ms] [ERROR] WebSocket connection to 'ws://localhost:3000/_next/webpack-hmr?id=GzdCkk2Otg7fYqOkFB2A-' failed: Error in connection establishment: net::ERR_CONNECTION_REFUSED @ http://localhost:3000/_next/static/chunks/node_modules_next_dist_client_0r5nbpw._.js:13422
[   62809ms] [ERROR] WebSocket connection to 'ws://localhost:3000/_next/webpack-hmr?id=GzdCkk2Otg7fYqOkFB2A-' failed: Error in connection establishment: net::ERR_CONNECTION_REFUSED @ http://localhost:3000/_next/static/chunks/node_modules_next_dist_client_0r5nbpw._.js:13422
[   63812ms] [ERROR] WebSocket connection to 'ws://localhost:3000/_next/webpack-hmr?id=GzdCkk2Otg7fYqOkFB2A-' failed: Error in connection establishment: net::ERR_CONNECTION_REFUSED @ http://localhost:3000/_next/static/chunks/node_modules_next_dist_client_0r5nbpw._.js:13422
[   64815ms] [ERROR] WebSocket connection to 'ws://localhost:3000/_next/webpack-hmr?id=GzdCkk2Otg7fYqOkFB2A-' failed: Error in connection establishment: net::ERR_CONNECTION_REFUSED @ http://localhost:3000/_next/static/chunks/node_modules_next_dist_client_0r5nbpw._.js:13422
[   65820ms] [ERROR] WebSocket connection to 'ws://localhost:3000/_next/webpack-hmr?id=GzdCkk2Otg7fYqOkFB2A-' failed: Error in connection establishment: net::ERR_CONNECTION_REFUSED @ http://localhost:3000/_next/static/chunks/node_modules_next_dist_client_0r5nbpw._.js:13422
[   70826ms] [ERROR] WebSocket connection to 'ws://localhost:3000/_next/webpack-hmr?id=GzdCkk2Otg7fYqOkFB2A-' failed: Error in connection establishment: net::ERR_CONNECTION_REFUSED @ http://localhost:3000/_next/static/chunks/node_modules_next_dist_client_0r5nbpw._.js:13422
[   75831ms] [ERROR] WebSocket connection to 'ws://localhost:3000/_next/webpack-hmr?id=GzdCkk2Otg7fYqOkFB2A-' failed: Error in connection establishment: net::ERR_CONNECTION_REFUSED @ http://localhost:3000/_next/static/chunks/node_modules_next_dist_client_0r5nbpw._.js:13422
[   80836ms] [ERROR] WebSocket connection to 'ws://localhost:3000/_next/webpack-hmr?id=GzdCkk2Otg7fYqOkFB2A-' failed: Error in connection establishment: net::ERR_CONNECTION_REFUSED @ http://localhost:3000/_next/static/chunks/node_modules_next_dist_client_0r5nbpw._.js:13422
[   85840ms] [ERROR] WebSocket connection to 'ws://localhost:3000/_next/webpack-hmr?id=GzdCkk2Otg7fYqOkFB2A-' failed: Error in connection establishment: net::ERR_CONNECTION_REFUSED @ http://localhost:3000/_next/static/chunks/node_modules_next_dist_client_0r5nbpw._.js:13422
[   90843ms] [ERROR] WebSocket connection to 'ws://localhost:3000/_next/webpack-hmr?id=GzdCkk2Otg7fYqOkFB2A-' failed: Error in connection establishment: net::ERR_CONNECTION_REFUSED @ http://localhost:3000/_next/static/chunks/node_modules_next_dist_client_0r5nbpw._.js:13422
[   95846ms] [ERROR] WebSocket connection to 'ws://localhost:3000/_next/webpack-hmr?id=GzdCkk2Otg7fYqOkFB2A-' failed: Error in connection establishment: net::ERR_CONNECTION_REFUSED @ http://localhost:3000/_next/static/chunks/node_modules_next_dist_client_0r5nbpw._.js:13422
[  100848ms] [ERROR] WebSocket connection to 'ws://localhost:3000/_next/webpack-hmr?id=GzdCkk2Otg7fYqOkFB2A-' failed: Error in connection establishment: net::ERR_CONNECTION_REFUSED @ http://localhost:3000/_next/static/chunks/node_modules_next_dist_client_0r5nbpw._.js:13422
